info: Microsoft.AspNetCore.DataProtection.KeyManagement.XmlKeyManager[63]
      User profile is available. Using 'C:\Users\thaku\AppData\Local\ASP.NET\DataProtection-Keys' as key repository and Windows DPAPI to encrypt keys at rest.
info: Microsoft.Hosting.Lifetime[14]
      Now listening on: http://localhost:5080
info: Microsoft.Hosting.Lifetime[0]
      Application started. Press Ctrl+C to shut down.
info: Microsoft.Hosting.Lifetime[0]
      Hosting environment: Development
info: Microsoft.Hosting.Lifetime[0]
      Content root path: D:\IncidentMangementApp\src\backend
info: Microsoft.AspNetCore.Hosting.Diagnostics[1]
      Request starting HTTP/1.1 POST http://localhost:5080/api/auth/request-otp - application/json 28
info: Microsoft.AspNetCore.Routing.EndpointMiddleware[0]
      Executing endpoint 'IncidentManagement.Api.Controllers.AuthController.RequestOtp (IncidentManagement.Api)'
info: Microsoft.AspNetCore.Mvc.Infrastructure.ControllerActionInvoker[102]
      Route matched with {action = "RequestOtp", controller = "Auth"}. Executing controller action with signature System.Threading.Tasks.Task`1[Microsoft.AspNetCore.Mvc.IActionResult] RequestOtp(RequestOtpRequest, System.Threading.CancellationToken) on controller IncidentManagement.Api.Controllers.AuthController (IncidentManagement.Api).
warn: IncidentManagement.Api.Infrastructure.Auth.TestOtpSender[0]
      [TEST OTP SENDER] Would send OTP to 9000000099: 123456
info: Microsoft.AspNetCore.Mvc.Infrastructure.ObjectResultExecutor[1]
      Executing OkObjectResult, writing value of type '<>f__AnonymousType0`2[[System.String, System.Private.CoreLib, Version=8.0.0.0, Culture=neutral, PublicKeyToken=7cec85d7bea7798e],[System.String, System.Private.CoreLib, Version=8.0.0.0, Culture=neutral, PublicKeyToken=7cec85d7bea7798e]]'.
info: Microsoft.AspNetCore.Mvc.Infrastructure.ControllerActionInvoker[105]
      Executed action IncidentManagement.Api.Controllers.AuthController.RequestOtp (IncidentManagement.Api) in 57.7274ms
info: Microsoft.AspNetCore.Routing.EndpointMiddleware[1]
      Executed endpoint 'IncidentManagement.Api.Controllers.AuthController.RequestOtp (IncidentManagement.Api)'
info: Microsoft.AspNetCore.Hosting.Diagnostics[2]
      Request finished HTTP/1.1 POST http://localhost:5080/api/auth/request-otp - 200 - application/json;+charset=utf-8 161.4604ms
info: Microsoft.AspNetCore.Hosting.Diagnostics[1]
      Request starting HTTP/1.1 POST http://localhost:5080/api/auth/request-otp - application/json 28
info: Microsoft.AspNetCore.Routing.EndpointMiddleware[0]
      Executing endpoint 'IncidentManagement.Api.Controllers.AuthController.RequestOtp (IncidentManagement.Api)'
info: Microsoft.AspNetCore.Mvc.Infrastructure.ControllerActionInvoker[102]
      Route matched with {action = "RequestOtp", controller = "Auth"}. Executing controller action with signature System.Threading.Tasks.Task`1[Microsoft.AspNetCore.Mvc.IActionResult] RequestOtp(RequestOtpRequest, System.Threading.CancellationToken) on controller IncidentManagement.Api.Controllers.AuthController (IncidentManagement.Api).
warn: IncidentManagement.Api.Infrastructure.Auth.TestOtpSender[0]
      [TEST OTP SENDER] Would send OTP to 9000000099: 123456
info: Microsoft.AspNetCore.Mvc.Infrastructure.ObjectResultExecutor[1]
      Executing OkObjectResult, writing value of type '<>f__AnonymousType0`2[[System.String, System.Private.CoreLib, Version=8.0.0.0, Culture=neutral, PublicKeyToken=7cec85d7bea7798e],[System.String, System.Private.CoreLib, Version=8.0.0.0, Culture=neutral, PublicKeyToken=7cec85d7bea7798e]]'.
info: Microsoft.AspNetCore.Mvc.Infrastructure.ControllerActionInvoker[105]
      Executed action IncidentManagement.Api.Controllers.AuthController.RequestOtp (IncidentManagement.Api) in 3.8398ms
info: Microsoft.AspNetCore.Routing.EndpointMiddleware[1]
      Executed endpoint 'IncidentManagement.Api.Controllers.AuthController.RequestOtp (IncidentManagement.Api)'
info: Microsoft.AspNetCore.Hosting.Diagnostics[2]
      Request finished HTTP/1.1 POST http://localhost:5080/api/auth/request-otp - 200 - application/json;+charset=utf-8 9.5292ms
info: Microsoft.AspNetCore.Hosting.Diagnostics[1]
      Request starting HTTP/1.1 POST http://localhost:5080/api/auth/verify-otp - application/json 43
info: Microsoft.AspNetCore.Routing.EndpointMiddleware[0]
      Executing endpoint 'IncidentManagement.Api.Controllers.AuthController.VerifyOtp (IncidentManagement.Api)'
info: Microsoft.AspNetCore.Mvc.Infrastructure.ControllerActionInvoker[102]
      Route matched with {action = "VerifyOtp", controller = "Auth"}. Executing controller action with signature System.Threading.Tasks.Task`1[Microsoft.AspNetCore.Mvc.IActionResult] VerifyOtp(VerifyOtpRequest, System.Threading.CancellationToken) on controller IncidentManagement.Api.Controllers.AuthController (IncidentManagement.Api).
info: Microsoft.AspNetCore.Mvc.Infrastructure.ObjectResultExecutor[1]
      Executing OkObjectResult, writing value of type '<>f__AnonymousType2`3[[System.String, System.Private.CoreLib, Version=8.0.0.0, Culture=neutral, PublicKeyToken=7cec85d7bea7798e],[System.Boolean, System.Private.CoreLib, Version=8.0.0.0, Culture=neutral, PublicKeyToken=7cec85d7bea7798e],[<>f__AnonymousType3`7[[System.Guid, System.Private.CoreLib, Version=8.0.0.0, Culture=neutral, PublicKeyToken=7cec85d7bea7798e],[System.String, System.Private.CoreLib, Version=8.0.0.0, Culture=neutral, PublicKeyToken=7cec85d7bea7798e],[System.String, System.Private.CoreLib, Version=8.0.0.0, Culture=neutral, PublicKeyToken=7cec85d7bea7798e],[System.String, System.Private.CoreLib, Version=8.0.0.0, Culture=neutral, PublicKeyToken=7cec85d7bea7798e],[System.String, System.Private.CoreLib, Version=8.0.0.0, Culture=neutral, PublicKeyToken=7cec85d7bea7798e],[System.String, System.Private.CoreLib, Version=8.0.0.0, Culture=neutral, PublicKeyToken=7cec85d7bea7798e],[System.String, System.Private.CoreLib, Version=8.0.0.0, Culture=neutral, PublicKeyToken=7cec85d7bea7798e]], IncidentManagement.Api, Version=1.0.0.0, Culture=neutral, PublicKeyToken=null]]'.
info: Microsoft.AspNetCore.Mvc.Infrastructure.ControllerActionInvoker[105]
      Executed action IncidentManagement.Api.Controllers.AuthController.VerifyOtp (IncidentManagement.Api) in 227.6039ms
info: Microsoft.AspNetCore.Routing.EndpointMiddleware[1]
      Executed endpoint 'IncidentManagement.Api.Controllers.AuthController.VerifyOtp (IncidentManagement.Api)'
info: Microsoft.AspNetCore.Hosting.Diagnostics[2]
      Request finished HTTP/1.1 POST http://localhost:5080/api/auth/verify-otp - 200 - application/json;+charset=utf-8 237.9087ms
info: Microsoft.AspNetCore.Hosting.Diagnostics[1]
      Request starting HTTP/1.1 GET http://localhost:5080/api/incidents - - -
info: Microsoft.AspNetCore.Routing.EndpointMiddleware[0]
      Executing endpoint 'IncidentManagement.Api.Controllers.IncidentsController.List (IncidentManagement.Api)'
info: Microsoft.AspNetCore.Mvc.Infrastructure.ControllerActionInvoker[102]
      Route matched with {action = "List", controller = "Incidents"}. Executing controller action with signature System.Threading.Tasks.Task`1[Microsoft.AspNetCore.Mvc.IActionResult] List(System.String, System.Threading.CancellationToken) on controller IncidentManagement.Api.Controllers.IncidentsController (IncidentManagement.Api).
info: Microsoft.AspNetCore.Mvc.Infrastructure.ObjectResultExecutor[1]
      Executing OkObjectResult, writing value of type 'System.Collections.Generic.List`1[[IncidentManagement.Api.Domain.Incident, IncidentManagement.Api, Version=1.0.0.0, Culture=neutral, PublicKeyToken=null]]'.
info: Microsoft.AspNetCore.Mvc.Infrastructure.ControllerActionInvoker[105]
      Executed action IncidentManagement.Api.Controllers.IncidentsController.List (IncidentManagement.Api) in 218.5623ms
info: Microsoft.AspNetCore.Routing.EndpointMiddleware[1]
      Executed endpoint 'IncidentManagement.Api.Controllers.IncidentsController.List (IncidentManagement.Api)'
info: Microsoft.AspNetCore.Hosting.Diagnostics[2]
      Request finished HTTP/1.1 GET http://localhost:5080/api/incidents - 200 - application/json;+charset=utf-8 274.2484ms
info: Microsoft.AspNetCore.Hosting.Diagnostics[1]
      Request starting HTTP/1.1 GET http://localhost:5080/api/workflows - - -
info: Microsoft.AspNetCore.Routing.EndpointMiddleware[0]
      Executing endpoint 'IncidentManagement.Api.Controllers.WorkflowsController.List (IncidentManagement.Api)'
info: Microsoft.AspNetCore.Mvc.Infrastructure.ControllerActionInvoker[102]
      Route matched with {action = "List", controller = "Workflows"}. Executing controller action with signature System.Threading.Tasks.Task`1[Microsoft.AspNetCore.Mvc.IActionResult] List(System.Threading.CancellationToken) on controller IncidentManagement.Api.Controllers.WorkflowsController (IncidentManagement.Api).
info: Microsoft.AspNetCore.Mvc.Infrastructure.ObjectResultExecutor[1]
      Executing OkObjectResult, writing value of type 'System.Collections.Generic.List`1[[System.Object, System.Private.CoreLib, Version=8.0.0.0, Culture=neutral, PublicKeyToken=7cec85d7bea7798e]]'.
info: Microsoft.AspNetCore.Mvc.Infrastructure.ControllerActionInvoker[105]
      Executed action IncidentManagement.Api.Controllers.WorkflowsController.List (IncidentManagement.Api) in 88.1342ms
info: Microsoft.AspNetCore.Routing.EndpointMiddleware[1]
      Executed endpoint 'IncidentManagement.Api.Controllers.WorkflowsController.List (IncidentManagement.Api)'
info: Microsoft.AspNetCore.Hosting.Diagnostics[2]
      Request finished HTTP/1.1 GET http://localhost:5080/api/workflows - 200 - application/json;+charset=utf-8 97.8539ms
